// Jest Snapshot v1, https://goo.gl/fbAQLP

exports[`CartIcon should render properly 1`] = `ShallowWrapper {}`;
