// Jest Snapshot v1, https://goo.gl/fbAQLP

exports[`CloseIcon should render properly, with default props  1`] = `ShallowWrapper {}`;

exports[`CloseIcon should render properly, with props  1`] = `ShallowWrapper {}`;
