// Jest Snapshot v1, https://goo.gl/fbAQLP

exports[`DoneIcon should render properly 1`] = `ShallowWrapper {}`;
