// Jest Snapshot v1, https://goo.gl/fbAQLP

exports[`DownArrow should render properly, with default props 1`] = `ShallowWrapper {}`;

exports[`DownArrow should render properly, with props 1`] = `ShallowWrapper {}`;
