// Jest Snapshot v1, https://goo.gl/fbAQLP

exports[`ErrorIcon should render properly, with default props 1`] = `ShallowWrapper {}`;
