// Jest Snapshot v1, https://goo.gl/fbAQLP

exports[`ReviewSummary should render properly 1`] = `ShallowWrapper {}`;
