// Jest Snapshot v1, https://goo.gl/fbAQLP

exports[`WarningIconIcon should render properly 1`] = `ShallowWrapper {}`;
